bans ok, licenses ok, sources ok
warning[duplicate]: found 2 duplicate entries for crate 'hashbrown'
   ┌─ /home/soumyajeet/Projects/DECISION-KERNEL/Cargo.lock:45:1
   │
45 │ ╭ hashbrown 0.15.5 registry+https://github.com/rust-lang/crates.io-index
46 │ │ hashbrown 0.17.1 registry+https://github.com/rust-lang/crates.io-index
   │ ╰──────────────────────────────────────────────────────────────────────┘ lock entries
   │
   ├ hashbrown v0.15.5
     ├── hashlink v0.10.0
     │   └── sqlx-core v0.8.6
     │       ├── sqlx v0.8.6
     │       │   ├── kernel-runtime v0.1.0
     │       │   │   ├── kernel-worker v0.1.0
     │       │   │   ├── kernelctl v0.1.0
     │       │   │   └── kerneld v0.1.0
     │       │   ├── kernel-worker v0.1.0 (*)
     │       │   ├── kernelctl v0.1.0 (*)
     │       │   └── kerneld v0.1.0 (*)
     │       └── sqlx-postgres v0.8.6
     │           └── sqlx v0.8.6 (*)
     └── sqlx-core v0.8.6 (*)
   ├ hashbrown v0.17.1
     └── indexmap v2.14.2
         └── sqlx-core v0.8.6
             ├── sqlx v0.8.6
             │   ├── kernel-runtime v0.1.0
             │   │   ├── kernel-worker v0.1.0
             │   │   ├── kernelctl v0.1.0
             │   │   └── kerneld v0.1.0
             │   ├── kernel-worker v0.1.0 (*)
             │   ├── kernelctl v0.1.0 (*)
             │   └── kerneld v0.1.0 (*)
             └── sqlx-postgres v0.8.6
                 └── sqlx v0.8.6 (*)

warning[duplicate]: found 2 duplicate entries for crate 'redox_syscall'
    ┌─ /home/soumyajeet/Projects/DECISION-KERNEL/Cargo.lock:108:1
    │
108 │ ╭ redox_syscall 0.5.18 registry+https://github.com/rust-lang/crates.io-index
109 │ │ redox_syscall 0.9.4 registry+https://github.com/rust-lang/crates.io-index
    │ ╰─────────────────────────────────────────────────────────────────────────┘ lock entries
    │
    ├ redox_syscall v0.5.18
      └── parking_lot_core v0.9.12
          └── parking_lot v0.12.5
              ├── futures-intrusive v0.5.0
              │   └── sqlx-core v0.8.6
              │       ├── sqlx v0.8.6
              │       │   ├── kernel-runtime v0.1.0
              │       │   │   ├── kernel-worker v0.1.0
              │       │   │   ├── kernelctl v0.1.0
              │       │   │   └── kerneld v0.1.0
              │       │   ├── kernel-worker v0.1.0 (*)
              │       │   ├── kernelctl v0.1.0 (*)
              │       │   └── kerneld v0.1.0 (*)
              │       └── sqlx-postgres v0.8.6
              │           └── sqlx v0.8.6 (*)
              └── tokio v1.45.0
                  ├── axum v0.8.4
                  │   └── kerneld v0.1.0 (*)
                  ├── hyper v1.11.1
                  │   ├── axum v0.8.4 (*)
                  │   ├── hyper-rustls v0.27.10
                  │   │   └── reqwest v0.12.15
                  │   │       ├── kernel-provider v0.1.0
                  │   │       │   ├── kernel-runtime v0.1.0 (*)
                  │   │       │   ├── kernel-worker v0.1.0 (*)
                  │   │       │   └── kerneld v0.1.0 (*)
                  │   │       └── kernel-worker v0.1.0 (*)
                  │   ├── hyper-util v0.1.21
                  │   │   ├── axum v0.8.4 (*)
                  │   │   ├── hyper-rustls v0.27.10 (*)
                  │   │   └── reqwest v0.12.15 (*)
                  │   └── reqwest v0.12.15 (*)
                  ├── hyper-rustls v0.27.10 (*)
                  ├── hyper-util v0.1.21 (*)
                  ├── kernel-provider v0.1.0 (*)
                  ├── kernel-runtime v0.1.0 (*)
                  ├── kernel-worker v0.1.0 (*)
                  ├── kernelctl v0.1.0 (*)
                  ├── kerneld v0.1.0 (*)
                  ├── reqwest v0.12.15 (*)
                  ├── sqlx-core v0.8.6 (*)
                  ├── tokio-rustls v0.26.5
                  │   ├── hyper-rustls v0.27.10 (*)
                  │   └── reqwest v0.12.15 (*)
                  ├── tokio-stream v0.1.19
                  │   └── sqlx-core v0.8.6 (*)
                  └── tower v0.5.3
                      ├── axum v0.8.4 (*)
                      └── reqwest v0.12.15 (*)
    ├ redox_syscall v0.9.4
      └── libredox v0.1.25
          └── whoami v1.6.1
              └── sqlx-postgres v0.8.6
                  └── sqlx v0.8.6
                      ├── kernel-runtime v0.1.0
                      │   ├── kernel-worker v0.1.0
                      │   ├── kernelctl v0.1.0
                      │   └── kerneld v0.1.0
                      ├── kernel-worker v0.1.0 (*)
                      ├── kernelctl v0.1.0 (*)
                      └── kerneld v0.1.0 (*)

warning[duplicate]: found 2 duplicate entries for crate 'socket2'
    ┌─ /home/soumyajeet/Projects/DECISION-KERNEL/Cargo.lock:131:1
    │
131 │ ╭ socket2 0.5.10 registry+https://github.com/rust-lang/crates.io-index
132 │ │ socket2 0.6.5 registry+https://github.com/rust-lang/crates.io-index
    │ ╰───────────────────────────────────────────────────────────────────┘ lock entries
    │
    ├ socket2 v0.5.10
      └── tokio v1.45.0
          ├── axum v0.8.4
          │   └── kerneld v0.1.0
          ├── hyper v1.11.1
          │   ├── axum v0.8.4 (*)
          │   ├── hyper-rustls v0.27.10
          │   │   └── reqwest v0.12.15
          │   │       ├── kernel-provider v0.1.0
          │   │       │   ├── kernel-runtime v0.1.0
          │   │       │   │   ├── kernel-worker v0.1.0
          │   │       │   │   ├── kernelctl v0.1.0
          │   │       │   │   └── kerneld v0.1.0 (*)
          │   │       │   ├── kernel-worker v0.1.0 (*)
          │   │       │   └── kerneld v0.1.0 (*)
          │   │       └── kernel-worker v0.1.0 (*)
          │   ├── hyper-util v0.1.21
          │   │   ├── axum v0.8.4 (*)
          │   │   ├── hyper-rustls v0.27.10 (*)
          │   │   └── reqwest v0.12.15 (*)
          │   └── reqwest v0.12.15 (*)
          ├── hyper-rustls v0.27.10 (*)
          ├── hyper-util v0.1.21 (*)
          ├── kernel-provider v0.1.0 (*)
          ├── kernel-runtime v0.1.0 (*)
          ├── kernel-worker v0.1.0 (*)
          ├── kernelctl v0.1.0 (*)
          ├── kerneld v0.1.0 (*)
          ├── reqwest v0.12.15 (*)
          ├── sqlx-core v0.8.6
          │   ├── sqlx v0.8.6
          │   │   ├── kernel-runtime v0.1.0 (*)
          │   │   ├── kernel-worker v0.1.0 (*)
          │   │   ├── kernelctl v0.1.0 (*)
          │   │   └── kerneld v0.1.0 (*)
          │   └── sqlx-postgres v0.8.6
          │       └── sqlx v0.8.6 (*)
          ├── tokio-rustls v0.26.5
          │   ├── hyper-rustls v0.27.10 (*)
          │   └── reqwest v0.12.15 (*)
          ├── tokio-stream v0.1.19
          │   └── sqlx-core v0.8.6 (*)
          └── tower v0.5.3
              ├── axum v0.8.4 (*)
              └── reqwest v0.12.15 (*)
    ├ socket2 v0.6.5
      └── hyper-util v0.1.21
          ├── axum v0.8.4
          │   └── kerneld v0.1.0
          ├── hyper-rustls v0.27.10
          │   └── reqwest v0.12.15
          │       ├── kernel-provider v0.1.0
          │       │   ├── kernel-runtime v0.1.0
          │       │   │   ├── kernel-worker v0.1.0
          │       │   │   ├── kernelctl v0.1.0
          │       │   │   └── kerneld v0.1.0 (*)
          │       │   ├── kernel-worker v0.1.0 (*)
          │       │   └── kerneld v0.1.0 (*)
          │       └── kernel-worker v0.1.0 (*)
          └── reqwest v0.12.15 (*)

warning[duplicate]: found 2 duplicate entries for crate 'syn'
    ┌─ /home/soumyajeet/Projects/DECISION-KERNEL/Cargo.lock:139:1
    │
139 │ ╭ syn 2.0.119 registry+https://github.com/rust-lang/crates.io-index
140 │ │ syn 3.0.6 registry+https://github.com/rust-lang/crates.io-index
    │ ╰───────────────────────────────────────────────────────────────┘ lock entries
    │
    ├ syn v2.0.119
      ├── serde_derive v1.0.228
      │   └── serde v1.0.228
      │       ├── axum v0.8.4
      │       │   └── kerneld v0.1.0
      │       ├── either v1.18.0
      │       │   └── sqlx-core v0.8.6
      │       │       ├── sqlx v0.8.6
      │       │       │   ├── kernel-runtime v0.1.0
      │       │       │   │   ├── kernel-worker v0.1.0
      │       │       │   │   ├── kernelctl v0.1.0
      │       │       │   │   └── kerneld v0.1.0 (*)
      │       │       │   ├── kernel-worker v0.1.0 (*)
      │       │       │   ├── kernelctl v0.1.0 (*)
      │       │       │   └── kerneld v0.1.0 (*)
      │       │       └── sqlx-postgres v0.8.6
      │       │           └── sqlx v0.8.6 (*)
      │       ├── kernel-compiler v0.1.0
      │       │   ├── kernel-evaluation v0.1.0
      │       │   │   └── kernelctl v0.1.0 (*)
      │       │   ├── kernel-runtime v0.1.0 (*)
      │       │   ├── kernel-worker v0.1.0 (*)
      │       │   ├── kernelctl v0.1.0 (*)
      │       │   └── kerneld v0.1.0 (*)
      │       ├── kernel-core v0.1.0
      │       │   ├── kernel-compiler v0.1.0 (*)
      │       │   ├── kernel-evaluation v0.1.0 (*)
      │       │   ├── kernel-provider v0.1.0
      │       │   │   ├── kernel-runtime v0.1.0 (*)
      │       │   │   ├── kernel-worker v0.1.0 (*)
      │       │   │   └── kerneld v0.1.0 (*)
      │       │   ├── kernel-runtime v0.1.0 (*)
      │       │   ├── kernel-worker v0.1.0 (*)
      │       │   ├── kernelctl v0.1.0 (*)
      │       │   └── kerneld v0.1.0 (*)
      │       ├── kernel-evaluation v0.1.0 (*)
      │       ├── kernel-provider v0.1.0 (*)
      │       ├── kernel-runtime v0.1.0 (*)
      │       ├── kerneld v0.1.0 (*)
      │       ├── reqwest v0.12.15
      │       │   ├── kernel-provider v0.1.0 (*)
      │       │   └── kernel-worker v0.1.0 (*)
      │       ├── serde_urlencoded v0.7.1
      │       │   ├── axum v0.8.4 (*)
      │       │   └── reqwest v0.12.15 (*)
      │       ├── smallvec v1.16.1
      │       │   ├── hyper v1.11.1
      │       │   │   ├── axum v0.8.4 (*)
      │       │   │   ├── hyper-rustls v0.27.10
      │       │   │   │   └── reqwest v0.12.15 (*)
      │       │   │   ├── hyper-util v0.1.21
      │       │   │   │   ├── axum v0.8.4 (*)
      │       │   │   │   ├── hyper-rustls v0.27.10 (*)
      │       │   │   │   └── reqwest v0.12.15 (*)
      │       │   │   └── reqwest v0.12.15 (*)
      │       │   ├── icu_normalizer v2.3.0
      │       │   │   └── idna_adapter v1.2.2
      │       │   │       └── idna v1.1.0
      │       │   │           └── url v2.5.8
      │       │   │               ├── reqwest v0.12.15 (*)
      │       │   │               └── sqlx-core v0.8.6 (*)
      │       │   ├── idna v1.1.0 (*)
      │       │   ├── parking_lot_core v0.9.12
      │       │   │   └── parking_lot v0.12.5
      │       │   │       ├── futures-intrusive v0.5.0
      │       │   │       │   └── sqlx-core v0.8.6 (*)
      │       │   │       └── tokio v1.45.0
      │       │   │           ├── axum v0.8.4 (*)
      │       │   │           ├── hyper v1.11.1 (*)
      │       │   │           ├── hyper-rustls v0.27.10 (*)
      │       │   │           ├── hyper-util v0.1.21 (*)
      │       │   │           ├── kernel-provider v0.1.0 (*)
      │       │   │           ├── kernel-runtime v0.1.0 (*)
      │       │   │           ├── kernel-worker v0.1.0 (*)
      │       │   │           ├── kernelctl v0.1.0 (*)
      │       │   │           ├── kerneld v0.1.0 (*)
      │       │   │           ├── reqwest v0.12.15 (*)
      │       │   │           ├── sqlx-core v0.8.6 (*)
      │       │   │           ├── tokio-rustls v0.26.5
      │       │   │           │   ├── hyper-rustls v0.27.10 (*)
      │       │   │           │   └── reqwest v0.12.15 (*)
      │       │   │           ├── tokio-stream v0.1.19
      │       │   │           │   └── sqlx-core v0.8.6 (*)
      │       │   │           └── tower v0.5.3
      │       │   │               ├── axum v0.8.4 (*)
      │       │   │               └── reqwest v0.12.15 (*)
      │       │   ├── sqlx-core v0.8.6 (*)
      │       │   └── sqlx-postgres v0.8.6 (*)
      │       ├── sqlx-core v0.8.6 (*)
      │       └── sqlx-postgres v0.8.6 (*)
      ├── thiserror-impl v2.0.18
      │   └── thiserror v2.0.18
      │       ├── kernel-compiler v0.1.0 (*)
      │       ├── kernel-core v0.1.0 (*)
      │       ├── kernel-evaluation v0.1.0 (*)
      │       ├── kernel-provider v0.1.0 (*)
      │       ├── kernel-runtime v0.1.0 (*)
      │       ├── sqlx-core v0.8.6 (*)
      │       └── sqlx-postgres v0.8.6 (*)
      ├── tokio-macros v2.5.0
      │   └── tokio v1.45.0 (*)
      └── tracing-attributes v0.1.31
          └── tracing v0.1.44
              ├── axum v0.8.4 (*)
              ├── axum-core v0.5.6
              │   └── axum v0.8.4 (*)
              ├── hyper-util v0.1.21 (*)
              ├── sqlx-core v0.8.6 (*)
              ├── sqlx-postgres v0.8.6 (*)
              └── tower v0.5.3 (*)
    ├ syn v3.0.6
      ├── displaydoc v0.2.7
      │   ├── icu_collections v2.3.0
      │   │   ├── icu_normalizer v2.3.0
      │   │   │   └── idna_adapter v1.2.2
      │   │   │       └── idna v1.1.0
      │   │   │           └── url v2.5.8
      │   │   │               ├── reqwest v0.12.15
      │   │   │               │   ├── kernel-provider v0.1.0
      │   │   │               │   │   ├── kernel-runtime v0.1.0
      │   │   │               │   │   │   ├── kernel-worker v0.1.0
      │   │   │               │   │   │   ├── kernelctl v0.1.0
      │   │   │               │   │   │   └── kerneld v0.1.0
      │   │   │               │   │   ├── kernel-worker v0.1.0 (*)
      │   │   │               │   │   └── kerneld v0.1.0 (*)
      │   │   │               │   └── kernel-worker v0.1.0 (*)
      │   │   │               └── sqlx-core v0.8.6
      │   │   │                   ├── sqlx v0.8.6
      │   │   │                   │   ├── kernel-runtime v0.1.0 (*)
      │   │   │                   │   ├── kernel-worker v0.1.0 (*)
      │   │   │                   │   ├── kernelctl v0.1.0 (*)
      │   │   │                   │   └── kerneld v0.1.0 (*)
      │   │   │                   └── sqlx-postgres v0.8.6
      │   │   │                       └── sqlx v0.8.6 (*)
      │   │   └── icu_properties v2.3.0
      │   │       └── idna_adapter v1.2.2 (*)
      │   ├── icu_locale_core v2.3.0
      │   │   ├── icu_properties v2.3.0 (*)
      │   │   └── icu_provider v2.3.1
      │   │       ├── icu_normalizer v2.3.0 (*)
      │   │       └── icu_properties v2.3.0 (*)
      │   ├── icu_properties v2.3.0 (*)
      │   ├── icu_provider v2.3.1 (*)
      │   ├── tinystr v0.8.4
      │   │   └── icu_locale_core v2.3.0 (*)
      │   └── zerotrie v0.2.5
      │       ├── icu_properties v2.3.0 (*)
      │       └── icu_provider v2.3.1 (*)
      ├── synstructure v0.14.0
      │   ├── yoke-derive v0.8.3
      │   │   └── yoke v0.8.3
      │   │       ├── icu_collections v2.3.0 (*)
      │   │       ├── icu_provider v2.3.1 (*)
      │   │       ├── zerotrie v0.2.5 (*)
      │   │       └── zerovec v0.11.8
      │   │           ├── icu_collections v2.3.0 (*)
      │   │           ├── icu_locale_core v2.3.0 (*)
      │   │           ├── icu_normalizer v2.3.0 (*)
      │   │           ├── icu_properties v2.3.0 (*)
      │   │           ├── icu_provider v2.3.1 (*)
      │   │           ├── potential_utf v0.1.6
      │   │           │   └── icu_collections v2.3.0 (*)
      │   │           └── tinystr v0.8.4 (*)
      │   └── zerofrom-derive v0.1.8
      │       └── zerofrom v0.1.8
      │           ├── icu_collections v2.3.0 (*)
      │           ├── icu_provider v2.3.1 (*)
      │           ├── yoke v0.8.3 (*)
      │           ├── zerotrie v0.2.5 (*)
      │           └── zerovec v0.11.8 (*)
      ├── wasm-bindgen-macro-support v0.2.128
      │   └── wasm-bindgen-macro v0.2.128
      │       └── wasm-bindgen v0.2.128
      │           ├── js-sys v0.3.105
      │           │   ├── reqwest v0.12.15 (*)
      │           │   ├── wasm-bindgen-futures v0.4.78
      │           │   │   └── reqwest v0.12.15 (*)
      │           │   └── web-sys v0.3.105
      │           │       └── reqwest v0.12.15 (*)
      │           ├── reqwest v0.12.15 (*)
      │           ├── wasm-bindgen-futures v0.4.78 (*)
      │           └── web-sys v0.3.105 (*)
      ├── yoke-derive v0.8.3 (*)
      ├── zerofrom-derive v0.1.8 (*)
      └── zerovec-derive v0.11.6
          └── zerovec v0.11.8 (*)

warning[duplicate]: found 2 duplicate entries for crate 'webpki-roots'
    ┌─ /home/soumyajeet/Projects/DECISION-KERNEL/Cargo.lock:176:1
    │
176 │ ╭ webpki-roots 0.26.11 registry+https://github.com/rust-lang/crates.io-index
177 │ │ webpki-roots 1.0.9 registry+https://github.com/rust-lang/crates.io-index
    │ ╰────────────────────────────────────────────────────────────────────────┘ lock entries
    │
    ├ webpki-roots v0.26.11
      ├── reqwest v0.12.15
      │   ├── kernel-provider v0.1.0
      │   │   ├── kernel-runtime v0.1.0
      │   │   │   ├── kernel-worker v0.1.0
      │   │   │   ├── kernelctl v0.1.0
      │   │   │   └── kerneld v0.1.0
      │   │   ├── kernel-worker v0.1.0 (*)
      │   │   └── kerneld v0.1.0 (*)
      │   └── kernel-worker v0.1.0 (*)
      └── sqlx-core v0.8.6
          ├── sqlx v0.8.6
          │   ├── kernel-runtime v0.1.0 (*)
          │   ├── kernel-worker v0.1.0 (*)
          │   ├── kernelctl v0.1.0 (*)
          │   └── kerneld v0.1.0 (*)
          └── sqlx-postgres v0.8.6
              └── sqlx v0.8.6 (*)
    ├ webpki-roots v1.0.9
      ├── hyper-rustls v0.27.10
      │   └── reqwest v0.12.15
      │       ├── kernel-provider v0.1.0
      │       │   ├── kernel-runtime v0.1.0
      │       │   │   ├── kernel-worker v0.1.0
      │       │   │   ├── kernelctl v0.1.0
      │       │   │   └── kerneld v0.1.0
      │       │   ├── kernel-worker v0.1.0 (*)
      │       │   └── kerneld v0.1.0 (*)
      │       └── kernel-worker v0.1.0 (*)
      └── webpki-roots v0.26.11
          ├── reqwest v0.12.15 (*)
          └── sqlx-core v0.8.6
              ├── sqlx v0.8.6
              │   ├── kernel-runtime v0.1.0 (*)
              │   ├── kernel-worker v0.1.0 (*)
              │   ├── kernelctl v0.1.0 (*)
              │   └── kerneld v0.1.0 (*)
              └── sqlx-postgres v0.8.6
                  └── sqlx v0.8.6 (*)

warning[duplicate]: found 2 duplicate entries for crate 'windows-link'
    ┌─ /home/soumyajeet/Projects/DECISION-KERNEL/Cargo.lock:179:1
    │
179 │ ╭ windows-link 0.1.3 registry+https://github.com/rust-lang/crates.io-index
180 │ │ windows-link 0.2.1 registry+https://github.com/rust-lang/crates.io-index
    │ ╰────────────────────────────────────────────────────────────────────────┘ lock entries
    │
    ├ windows-link v0.1.3
      ├── windows-result v0.3.4
      │   └── windows-registry v0.4.0
      │       └── reqwest v0.12.15
      │           ├── kernel-provider v0.1.0
      │           │   ├── kernel-runtime v0.1.0
      │           │   │   ├── kernel-worker v0.1.0
      │           │   │   ├── kernelctl v0.1.0
      │           │   │   └── kerneld v0.1.0
      │           │   ├── kernel-worker v0.1.0 (*)
      │           │   └── kerneld v0.1.0 (*)
      │           └── kernel-worker v0.1.0 (*)
      └── windows-strings v0.3.1
          └── windows-registry v0.4.0 (*)
    ├ windows-link v0.2.1
      ├── backtrace v0.3.76
      │   └── tokio v1.45.0
      │       ├── axum v0.8.4
      │       │   └── kerneld v0.1.0
      │       ├── hyper v1.11.1
      │       │   ├── axum v0.8.4 (*)
      │       │   ├── hyper-rustls v0.27.10
      │       │   │   └── reqwest v0.12.15
      │       │   │       ├── kernel-provider v0.1.0
      │       │   │       │   ├── kernel-runtime v0.1.0
      │       │   │       │   │   ├── kernel-worker v0.1.0
      │       │   │       │   │   ├── kernelctl v0.1.0
      │       │   │       │   │   └── kerneld v0.1.0 (*)
      │       │   │       │   ├── kernel-worker v0.1.0 (*)
      │       │   │       │   └── kerneld v0.1.0 (*)
      │       │   │       └── kernel-worker v0.1.0 (*)
      │       │   ├── hyper-util v0.1.21
      │       │   │   ├── axum v0.8.4 (*)
      │       │   │   ├── hyper-rustls v0.27.10 (*)
      │       │   │   └── reqwest v0.12.15 (*)
      │       │   └── reqwest v0.12.15 (*)
      │       ├── hyper-rustls v0.27.10 (*)
      │       ├── hyper-util v0.1.21 (*)
      │       ├── kernel-provider v0.1.0 (*)
      │       ├── kernel-runtime v0.1.0 (*)
      │       ├── kernel-worker v0.1.0 (*)
      │       ├── kernelctl v0.1.0 (*)
      │       ├── kerneld v0.1.0 (*)
      │       ├── reqwest v0.12.15 (*)
      │       ├── sqlx-core v0.8.6
      │       │   ├── sqlx v0.8.6
      │       │   │   ├── kernel-runtime v0.1.0 (*)
      │       │   │   ├── kernel-worker v0.1.0 (*)
      │       │   │   ├── kernelctl v0.1.0 (*)
      │       │   │   └── kerneld v0.1.0 (*)
      │       │   └── sqlx-postgres v0.8.6
      │       │       └── sqlx v0.8.6 (*)
      │       ├── tokio-rustls v0.26.5
      │       │   ├── hyper-rustls v0.27.10 (*)
      │       │   └── reqwest v0.12.15 (*)
      │       ├── tokio-stream v0.1.19
      │       │   └── sqlx-core v0.8.6 (*)
      │       └── tower v0.5.3
      │           ├── axum v0.8.4 (*)
      │           └── reqwest v0.12.15 (*)
      ├── parking_lot_core v0.9.12
      │   └── parking_lot v0.12.5
      │       ├── futures-intrusive v0.5.0
      │       │   └── sqlx-core v0.8.6 (*)
      │       └── tokio v1.45.0 (*)
      ├── windows-sys v0.61.2
      │   ├── errno v0.3.14
      │   │   └── signal-hook-registry v1.4.8
      │   │       └── tokio v1.45.0 (*)
      │   ├── home v0.5.12
      │   │   ├── etcetera v0.8.0
      │   │   │   └── sqlx-postgres v0.8.6 (*)
      │   │   └── sqlx-postgres v0.8.6 (*)
      │   ├── mio v1.2.3
      │   │   └── tokio v1.45.0 (*)
      │   └── socket2 v0.6.5
      │       └── hyper-util v0.1.21 (*)
      └── windows-targets v0.53.5
          └── windows-registry v0.4.0
              └── reqwest v0.12.15 (*)

warning[duplicate]: found 3 duplicate entries for crate 'windows-sys'
    ┌─ /home/soumyajeet/Projects/DECISION-KERNEL/Cargo.lock:184:1
    │
184 │ ╭ windows-sys 0.48.0 registry+https://github.com/rust-lang/crates.io-index
185 │ │ windows-sys 0.52.0 registry+https://github.com/rust-lang/crates.io-index
186 │ │ windows-sys 0.61.2 registry+https://github.com/rust-lang/crates.io-index
    │ ╰────────────────────────────────────────────────────────────────────────┘ lock entries
    │
    ├ windows-sys v0.48.0
      └── etcetera v0.8.0
          └── sqlx-postgres v0.8.6
              └── sqlx v0.8.6
                  ├── kernel-runtime v0.1.0
                  │   ├── kernel-worker v0.1.0
                  │   ├── kernelctl v0.1.0
                  │   └── kerneld v0.1.0
                  ├── kernel-worker v0.1.0 (*)
                  ├── kernelctl v0.1.0 (*)
                  └── kerneld v0.1.0 (*)
    ├ windows-sys v0.52.0
      ├── ring v0.17.14
      │   ├── rustls v0.23.45
      │   │   ├── hyper-rustls v0.27.10
      │   │   │   └── reqwest v0.12.15
      │   │   │       ├── kernel-provider v0.1.0
      │   │   │       │   ├── kernel-runtime v0.1.0
      │   │   │       │   │   ├── kernel-worker v0.1.0
      │   │   │       │   │   ├── kernelctl v0.1.0
      │   │   │       │   │   └── kerneld v0.1.0
      │   │   │       │   ├── kernel-worker v0.1.0 (*)
      │   │   │       │   └── kerneld v0.1.0 (*)
      │   │   │       └── kernel-worker v0.1.0 (*)
      │   │   ├── reqwest v0.12.15 (*)
      │   │   ├── sqlx-core v0.8.6
      │   │   │   ├── sqlx v0.8.6
      │   │   │   │   ├── kernel-runtime v0.1.0 (*)
      │   │   │   │   ├── kernel-worker v0.1.0 (*)
      │   │   │   │   ├── kernelctl v0.1.0 (*)
      │   │   │   │   └── kerneld v0.1.0 (*)
      │   │   │   └── sqlx-postgres v0.8.6
      │   │   │       └── sqlx v0.8.6 (*)
      │   │   └── tokio-rustls v0.26.5
      │   │       ├── hyper-rustls v0.27.10 (*)
      │   │       └── reqwest v0.12.15 (*)
      │   └── rustls-webpki v0.103.15
      │       └── rustls v0.23.45 (*)
      ├── socket2 v0.5.10
      │   └── tokio v1.45.0
      │       ├── axum v0.8.4
      │       │   └── kerneld v0.1.0 (*)
      │       ├── hyper v1.11.1
      │       │   ├── axum v0.8.4 (*)
      │       │   ├── hyper-rustls v0.27.10 (*)
      │       │   ├── hyper-util v0.1.21
      │       │   │   ├── axum v0.8.4 (*)
      │       │   │   ├── hyper-rustls v0.27.10 (*)
      │       │   │   └── reqwest v0.12.15 (*)
      │       │   └── reqwest v0.12.15 (*)
      │       ├── hyper-rustls v0.27.10 (*)
      │       ├── hyper-util v0.1.21 (*)
      │       ├── kernel-provider v0.1.0 (*)
      │       ├── kernel-runtime v0.1.0 (*)
      │       ├── kernel-worker v0.1.0 (*)
      │       ├── kernelctl v0.1.0 (*)
      │       ├── kerneld v0.1.0 (*)
      │       ├── reqwest v0.12.15 (*)
      │       ├── sqlx-core v0.8.6 (*)
      │       ├── tokio-rustls v0.26.5 (*)
      │       ├── tokio-stream v0.1.19
      │       │   └── sqlx-core v0.8.6 (*)
      │       └── tower v0.5.3
      │           ├── axum v0.8.4 (*)
      │           └── reqwest v0.12.15 (*)
      └── tokio v1.45.0 (*)
    ├ windows-sys v0.61.2
      ├── errno v0.3.14
      │   └── signal-hook-registry v1.4.8
      │       └── tokio v1.45.0
      │           ├── axum v0.8.4
      │           │   └── kerneld v0.1.0
      │           ├── hyper v1.11.1
      │           │   ├── axum v0.8.4 (*)
      │           │   ├── hyper-rustls v0.27.10
      │           │   │   └── reqwest v0.12.15
      │           │   │       ├── kernel-provider v0.1.0
      │           │   │       │   ├── kernel-runtime v0.1.0
      │           │   │       │   │   ├── kernel-worker v0.1.0
      │           │   │       │   │   ├── kernelctl v0.1.0
      │           │   │       │   │   └── kerneld v0.1.0 (*)
      │           │   │       │   ├── kernel-worker v0.1.0 (*)
      │           │   │       │   └── kerneld v0.1.0 (*)
      │           │   │       └── kernel-worker v0.1.0 (*)
      │           │   ├── hyper-util v0.1.21
      │           │   │   ├── axum v0.8.4 (*)
      │           │   │   ├── hyper-rustls v0.27.10 (*)
      │           │   │   └── reqwest v0.12.15 (*)
      │           │   └── reqwest v0.12.15 (*)
      │           ├── hyper-rustls v0.27.10 (*)
      │           ├── hyper-util v0.1.21 (*)
      │           ├── kernel-provider v0.1.0 (*)
      │           ├── kernel-runtime v0.1.0 (*)
      │           ├── kernel-worker v0.1.0 (*)
      │           ├── kernelctl v0.1.0 (*)
      │           ├── kerneld v0.1.0 (*)
      │           ├── reqwest v0.12.15 (*)
      │           ├── sqlx-core v0.8.6
      │           │   ├── sqlx v0.8.6
      │           │   │   ├── kernel-runtime v0.1.0 (*)
      │           │   │   ├── kernel-worker v0.1.0 (*)
      │           │   │   ├── kernelctl v0.1.0 (*)
      │           │   │   └── kerneld v0.1.0 (*)
      │           │   └── sqlx-postgres v0.8.6
      │           │       └── sqlx v0.8.6 (*)
      │           ├── tokio-rustls v0.26.5
      │           │   ├── hyper-rustls v0.27.10 (*)
      │           │   └── reqwest v0.12.15 (*)
      │           ├── tokio-stream v0.1.19
      │           │   └── sqlx-core v0.8.6 (*)
      │           └── tower v0.5.3
      │               ├── axum v0.8.4 (*)
      │               └── reqwest v0.12.15 (*)
      ├── home v0.5.12
      │   ├── etcetera v0.8.0
      │   │   └── sqlx-postgres v0.8.6 (*)
      │   └── sqlx-postgres v0.8.6 (*)
      ├── mio v1.2.3
      │   └── tokio v1.45.0 (*)
      └── socket2 v0.6.5
          └── hyper-util v0.1.21 (*)

warning[duplicate]: found 3 duplicate entries for crate 'windows-targets'
    ┌─ /home/soumyajeet/Projects/DECISION-KERNEL/Cargo.lock:187:1
    │
187 │ ╭ windows-targets 0.48.5 registry+https://github.com/rust-lang/crates.io-index
188 │ │ windows-targets 0.52.6 registry+https://github.com/rust-lang/crates.io-index
189 │ │ windows-targets 0.53.5 registry+https://github.com/rust-lang/crates.io-index
    │ ╰────────────────────────────────────────────────────────────────────────────┘ lock entries
    │
    ├ windows-targets v0.48.5
      └── windows-sys v0.48.0
          └── etcetera v0.8.0
              └── sqlx-postgres v0.8.6
                  └── sqlx v0.8.6
                      ├── kernel-runtime v0.1.0
                      │   ├── kernel-worker v0.1.0
                      │   ├── kernelctl v0.1.0
                      │   └── kerneld v0.1.0
                      ├── kernel-worker v0.1.0 (*)
                      ├── kernelctl v0.1.0 (*)
                      └── kerneld v0.1.0 (*)
    ├ windows-targets v0.52.6
      └── windows-sys v0.52.0
          ├── ring v0.17.14
          │   ├── rustls v0.23.45
          │   │   ├── hyper-rustls v0.27.10
          │   │   │   └── reqwest v0.12.15
          │   │   │       ├── kernel-provider v0.1.0
          │   │   │       │   ├── kernel-runtime v0.1.0
          │   │   │       │   │   ├── kernel-worker v0.1.0
          │   │   │       │   │   ├── kernelctl v0.1.0
          │   │   │       │   │   └── kerneld v0.1.0
          │   │   │       │   ├── kernel-worker v0.1.0 (*)
          │   │   │       │   └── kerneld v0.1.0 (*)
          │   │   │       └── kernel-worker v0.1.0 (*)
          │   │   ├── reqwest v0.12.15 (*)
          │   │   ├── sqlx-core v0.8.6
          │   │   │   ├── sqlx v0.8.6
          │   │   │   │   ├── kernel-runtime v0.1.0 (*)
          │   │   │   │   ├── kernel-worker v0.1.0 (*)
          │   │   │   │   ├── kernelctl v0.1.0 (*)
          │   │   │   │   └── kerneld v0.1.0 (*)
          │   │   │   └── sqlx-postgres v0.8.6
          │   │   │       └── sqlx v0.8.6 (*)
          │   │   └── tokio-rustls v0.26.5
          │   │       ├── hyper-rustls v0.27.10 (*)
          │   │       └── reqwest v0.12.15 (*)
          │   └── rustls-webpki v0.103.15
          │       └── rustls v0.23.45 (*)
          ├── socket2 v0.5.10
          │   └── tokio v1.45.0
          │       ├── axum v0.8.4
          │       │   └── kerneld v0.1.0 (*)
          │       ├── hyper v1.11.1
          │       │   ├── axum v0.8.4 (*)
          │       │   ├── hyper-rustls v0.27.10 (*)
          │       │   ├── hyper-util v0.1.21
          │       │   │   ├── axum v0.8.4 (*)
          │       │   │   ├── hyper-rustls v0.27.10 (*)
          │       │   │   └── reqwest v0.12.15 (*)
          │       │   └── reqwest v0.12.15 (*)
          │       ├── hyper-rustls v0.27.10 (*)
          │       ├── hyper-util v0.1.21 (*)
          │       ├── kernel-provider v0.1.0 (*)
          │       ├── kernel-runtime v0.1.0 (*)
          │       ├── kernel-worker v0.1.0 (*)
          │       ├── kernelctl v0.1.0 (*)
          │       ├── kerneld v0.1.0 (*)
          │       ├── reqwest v0.12.15 (*)
          │       ├── sqlx-core v0.8.6 (*)
          │       ├── tokio-rustls v0.26.5 (*)
          │       ├── tokio-stream v0.1.19
          │       │   └── sqlx-core v0.8.6 (*)
          │       └── tower v0.5.3
          │           ├── axum v0.8.4 (*)
          │           └── reqwest v0.12.15 (*)
          └── tokio v1.45.0 (*)
    ├ windows-targets v0.53.5
      └── windows-registry v0.4.0
          └── reqwest v0.12.15
              ├── kernel-provider v0.1.0
              │   ├── kernel-runtime v0.1.0
              │   │   ├── kernel-worker v0.1.0
              │   │   ├── kernelctl v0.1.0
              │   │   └── kerneld v0.1.0
              │   ├── kernel-worker v0.1.0 (*)
              │   └── kerneld v0.1.0 (*)
              └── kernel-worker v0.1.0 (*)

warning[duplicate]: found 3 duplicate entries for crate 'windows_aarch64_gnullvm'
    ┌─ /home/soumyajeet/Projects/DECISION-KERNEL/Cargo.lock:190:1
    │
190 │ ╭ windows_aarch64_gnullvm 0.48.5 registry+https://github.com/rust-lang/crates.io-index
191 │ │ windows_aarch64_gnullvm 0.52.6 registry+https://github.com/rust-lang/crates.io-index
192 │ │ windows_aarch64_gnullvm 0.53.1 registry+https://github.com/rust-lang/crates.io-index
    │ ╰────────────────────────────────────────────────────────────────────────────────────┘ lock entries
    │
    ├ windows_aarch64_gnullvm v0.48.5
      └── windows-targets v0.48.5
          └── windows-sys v0.48.0
              └── etcetera v0.8.0
                  └── sqlx-postgres v0.8.6
                      └── sqlx v0.8.6
                          ├── kernel-runtime v0.1.0
                          │   ├── kernel-worker v0.1.0
                          │   ├── kernelctl v0.1.0
                          │   └── kerneld v0.1.0
                          ├── kernel-worker v0.1.0 (*)
                          ├── kernelctl v0.1.0 (*)
                          └── kerneld v0.1.0 (*)
    ├ windows_aarch64_gnullvm v0.52.6
      └── windows-targets v0.52.6
          └── windows-sys v0.52.0
              ├── ring v0.17.14
              │   ├── rustls v0.23.45
              │   │   ├── hyper-rustls v0.27.10
              │   │   │   └── reqwest v0.12.15
              │   │   │       ├── kernel-provider v0.1.0
              │   │   │       │   ├── kernel-runtime v0.1.0
              │   │   │       │   │   ├── kernel-worker v0.1.0
              │   │   │       │   │   ├── kernelctl v0.1.0
              │   │   │       │   │   └── kerneld v0.1.0
              │   │   │       │   ├── kernel-worker v0.1.0 (*)
              │   │   │       │   └── kerneld v0.1.0 (*)
              │   │   │       └── kernel-worker v0.1.0 (*)
              │   │   ├── reqwest v0.12.15 (*)
              │   │   ├── sqlx-core v0.8.6
              │   │   │   ├── sqlx v0.8.6
              │   │   │   │   ├── kernel-runtime v0.1.0 (*)
              │   │   │   │   ├── kernel-worker v0.1.0 (*)
              │   │   │   │   ├── kernelctl v0.1.0 (*)
              │   │   │   │   └── kerneld v0.1.0 (*)
              │   │   │   └── sqlx-postgres v0.8.6
              │   │   │       └── sqlx v0.8.6 (*)
              │   │   └── tokio-rustls v0.26.5
              │   │       ├── hyper-rustls v0.27.10 (*)
              │   │       └── reqwest v0.12.15 (*)
              │   └── rustls-webpki v0.103.15
              │       └── rustls v0.23.45 (*)
              ├── socket2 v0.5.10
              │   └── tokio v1.45.0
              │       ├── axum v0.8.4
              │       │   └── kerneld v0.1.0 (*)
              │       ├── hyper v1.11.1
              │       │   ├── axum v0.8.4 (*)
              │       │   ├── hyper-rustls v0.27.10 (*)
              │       │   ├── hyper-util v0.1.21
              │       │   │   ├── axum v0.8.4 (*)
              │       │   │   ├── hyper-rustls v0.27.10 (*)
              │       │   │   └── reqwest v0.12.15 (*)
              │       │   └── reqwest v0.12.15 (*)
              │       ├── hyper-rustls v0.27.10 (*)
              │       ├── hyper-util v0.1.21 (*)
              │       ├── kernel-provider v0.1.0 (*)
              │       ├── kernel-runtime v0.1.0 (*)
              │       ├── kernel-worker v0.1.0 (*)
              │       ├── kernelctl v0.1.0 (*)
              │       ├── kerneld v0.1.0 (*)
              │       ├── reqwest v0.12.15 (*)
              │       ├── sqlx-core v0.8.6 (*)
              │       ├── tokio-rustls v0.26.5 (*)
              │       ├── tokio-stream v0.1.19
              │       │   └── sqlx-core v0.8.6 (*)
              │       └── tower v0.5.3
              │           ├── axum v0.8.4 (*)
              │           └── reqwest v0.12.15 (*)
              └── tokio v1.45.0 (*)
    ├ windows_aarch64_gnullvm v0.53.1
      └── windows-targets v0.53.5
          └── windows-registry v0.4.0
              └── reqwest v0.12.15
                  ├── kernel-provider v0.1.0
                  │   ├── kernel-runtime v0.1.0
                  │   │   ├── kernel-worker v0.1.0
                  │   │   ├── kernelctl v0.1.0
                  │   │   └── kerneld v0.1.0
                  │   ├── kernel-worker v0.1.0 (*)
                  │   └── kerneld v0.1.0 (*)
                  └── kernel-worker v0.1.0 (*)

warning[duplicate]: found 3 duplicate entries for crate 'windows_aarch64_msvc'
    ┌─ /home/soumyajeet/Projects/DECISION-KERNEL/Cargo.lock:193:1
    │
193 │ ╭ windows_aarch64_msvc 0.48.5 registry+https://github.com/rust-lang/crates.io-index
194 │ │ windows_aarch64_msvc 0.52.6 registry+https://github.com/rust-lang/crates.io-index
195 │ │ windows_aarch64_msvc 0.53.1 registry+https://github.com/rust-lang/crates.io-index
    │ ╰─────────────────────────────────────────────────────────────────────────────────┘ lock entries
    │
    ├ windows_aarch64_msvc v0.48.5
      └── windows-targets v0.48.5
          └── windows-sys v0.48.0
              └── etcetera v0.8.0
                  └── sqlx-postgres v0.8.6
                      └── sqlx v0.8.6
                          ├── kernel-runtime v0.1.0
                          │   ├── kernel-worker v0.1.0
                          │   ├── kernelctl v0.1.0
                          │   └── kerneld v0.1.0
                          ├── kernel-worker v0.1.0 (*)
                          ├── kernelctl v0.1.0 (*)
                          └── kerneld v0.1.0 (*)
    ├ windows_aarch64_msvc v0.52.6
      └── windows-targets v0.52.6
          └── windows-sys v0.52.0
              ├── ring v0.17.14
              │   ├── rustls v0.23.45
              │   │   ├── hyper-rustls v0.27.10
              │   │   │   └── reqwest v0.12.15
              │   │   │       ├── kernel-provider v0.1.0
              │   │   │       │   ├── kernel-runtime v0.1.0
              │   │   │       │   │   ├── kernel-worker v0.1.0
              │   │   │       │   │   ├── kernelctl v0.1.0
              │   │   │       │   │   └── kerneld v0.1.0
              │   │   │       │   ├── kernel-worker v0.1.0 (*)
              │   │   │       │   └── kerneld v0.1.0 (*)
              │   │   │       └── kernel-worker v0.1.0 (*)
              │   │   ├── reqwest v0.12.15 (*)
              │   │   ├── sqlx-core v0.8.6
              │   │   │   ├── sqlx v0.8.6
              │   │   │   │   ├── kernel-runtime v0.1.0 (*)
              │   │   │   │   ├── kernel-worker v0.1.0 (*)
              │   │   │   │   ├── kernelctl v0.1.0 (*)
              │   │   │   │   └── kerneld v0.1.0 (*)
              │   │   │   └── sqlx-postgres v0.8.6
              │   │   │       └── sqlx v0.8.6 (*)
              │   │   └── tokio-rustls v0.26.5
              │   │       ├── hyper-rustls v0.27.10 (*)
              │   │       └── reqwest v0.12.15 (*)
              │   └── rustls-webpki v0.103.15
              │       └── rustls v0.23.45 (*)
              ├── socket2 v0.5.10
              │   └── tokio v1.45.0
              │       ├── axum v0.8.4
              │       │   └── kerneld v0.1.0 (*)
              │       ├── hyper v1.11.1
              │       │   ├── axum v0.8.4 (*)
              │       │   ├── hyper-rustls v0.27.10 (*)
              │       │   ├── hyper-util v0.1.21
              │       │   │   ├── axum v0.8.4 (*)
              │       │   │   ├── hyper-rustls v0.27.10 (*)
              │       │   │   └── reqwest v0.12.15 (*)
              │       │   └── reqwest v0.12.15 (*)
              │       ├── hyper-rustls v0.27.10 (*)
              │       ├── hyper-util v0.1.21 (*)
              │       ├── kernel-provider v0.1.0 (*)
              │       ├── kernel-runtime v0.1.0 (*)
              │       ├── kernel-worker v0.1.0 (*)
              │       ├── kernelctl v0.1.0 (*)
              │       ├── kerneld v0.1.0 (*)
              │       ├── reqwest v0.12.15 (*)
              │       ├── sqlx-core v0.8.6 (*)
              │       ├── tokio-rustls v0.26.5 (*)
              │       ├── tokio-stream v0.1.19
              │       │   └── sqlx-core v0.8.6 (*)
              │       └── tower v0.5.3
              │           ├── axum v0.8.4 (*)
              │           └── reqwest v0.12.15 (*)
              └── tokio v1.45.0 (*)
    ├ windows_aarch64_msvc v0.53.1
      └── windows-targets v0.53.5
          └── windows-registry v0.4.0
              └── reqwest v0.12.15
                  ├── kernel-provider v0.1.0
                  │   ├── kernel-runtime v0.1.0
                  │   │   ├── kernel-worker v0.1.0
                  │   │   ├── kernelctl v0.1.0
                  │   │   └── kerneld v0.1.0
                  │   ├── kernel-worker v0.1.0 (*)
                  │   └── kerneld v0.1.0 (*)
                  └── kernel-worker v0.1.0 (*)

warning[duplicate]: found 3 duplicate entries for crate 'windows_i686_gnu'
    ┌─ /home/soumyajeet/Projects/DECISION-KERNEL/Cargo.lock:196:1
    │
196 │ ╭ windows_i686_gnu 0.48.5 registry+https://github.com/rust-lang/crates.io-index
197 │ │ windows_i686_gnu 0.52.6 registry+https://github.com/rust-lang/crates.io-index
198 │ │ windows_i686_gnu 0.53.1 registry+https://github.com/rust-lang/crates.io-index
    │ ╰─────────────────────────────────────────────────────────────────────────────┘ lock entries
    │
    ├ windows_i686_gnu v0.48.5
      └── windows-targets v0.48.5
          └── windows-sys v0.48.0
              └── etcetera v0.8.0
                  └── sqlx-postgres v0.8.6
                      └── sqlx v0.8.6
                          ├── kernel-runtime v0.1.0
                          │   ├── kernel-worker v0.1.0
                          │   ├── kernelctl v0.1.0
                          │   └── kerneld v0.1.0
                          ├── kernel-worker v0.1.0 (*)
                          ├── kernelctl v0.1.0 (*)
                          └── kerneld v0.1.0 (*)
    ├ windows_i686_gnu v0.52.6
      └── windows-targets v0.52.6
          └── windows-sys v0.52.0
              ├── ring v0.17.14
              │   ├── rustls v0.23.45
              │   │   ├── hyper-rustls v0.27.10
              │   │   │   └── reqwest v0.12.15
              │   │   │       ├── kernel-provider v0.1.0
              │   │   │       │   ├── kernel-runtime v0.1.0
              │   │   │       │   │   ├── kernel-worker v0.1.0
              │   │   │       │   │   ├── kernelctl v0.1.0
              │   │   │       │   │   └── kerneld v0.1.0
              │   │   │       │   ├── kernel-worker v0.1.0 (*)
              │   │   │       │   └── kerneld v0.1.0 (*)
              │   │   │       └── kernel-worker v0.1.0 (*)
              │   │   ├── reqwest v0.12.15 (*)
              │   │   ├── sqlx-core v0.8.6
              │   │   │   ├── sqlx v0.8.6
              │   │   │   │   ├── kernel-runtime v0.1.0 (*)
              │   │   │   │   ├── kernel-worker v0.1.0 (*)
              │   │   │   │   ├── kernelctl v0.1.0 (*)
              │   │   │   │   └── kerneld v0.1.0 (*)
              │   │   │   └── sqlx-postgres v0.8.6
              │   │   │       └── sqlx v0.8.6 (*)
              │   │   └── tokio-rustls v0.26.5
              │   │       ├── hyper-rustls v0.27.10 (*)
              │   │       └── reqwest v0.12.15 (*)
              │   └── rustls-webpki v0.103.15
              │       └── rustls v0.23.45 (*)
              ├── socket2 v0.5.10
              │   └── tokio v1.45.0
              │       ├── axum v0.8.4
              │       │   └── kerneld v0.1.0 (*)
              │       ├── hyper v1.11.1
              │       │   ├── axum v0.8.4 (*)
              │       │   ├── hyper-rustls v0.27.10 (*)
              │       │   ├── hyper-util v0.1.21
              │       │   │   ├── axum v0.8.4 (*)
              │       │   │   ├── hyper-rustls v0.27.10 (*)
              │       │   │   └── reqwest v0.12.15 (*)
              │       │   └── reqwest v0.12.15 (*)
              │       ├── hyper-rustls v0.27.10 (*)
              │       ├── hyper-util v0.1.21 (*)
              │       ├── kernel-provider v0.1.0 (*)
              │       ├── kernel-runtime v0.1.0 (*)
              │       ├── kernel-worker v0.1.0 (*)
              │       ├── kernelctl v0.1.0 (*)
              │       ├── kerneld v0.1.0 (*)
              │       ├── reqwest v0.12.15 (*)
              │       ├── sqlx-core v0.8.6 (*)
              │       ├── tokio-rustls v0.26.5 (*)
              │       ├── tokio-stream v0.1.19
              │       │   └── sqlx-core v0.8.6 (*)
              │       └── tower v0.5.3
              │           ├── axum v0.8.4 (*)
              │           └── reqwest v0.12.15 (*)
              └── tokio v1.45.0 (*)
    ├ windows_i686_gnu v0.53.1
      └── windows-targets v0.53.5
          └── windows-registry v0.4.0
              └── reqwest v0.12.15
                  ├── kernel-provider v0.1.0
                  │   ├── kernel-runtime v0.1.0
                  │   │   ├── kernel-worker v0.1.0
                  │   │   ├── kernelctl v0.1.0
                  │   │   └── kerneld v0.1.0
                  │   ├── kernel-worker v0.1.0 (*)
                  │   └── kerneld v0.1.0 (*)
                  └── kernel-worker v0.1.0 (*)

warning[duplicate]: found 2 duplicate entries for crate 'windows_i686_gnullvm'
    ┌─ /home/soumyajeet/Projects/DECISION-KERNEL/Cargo.lock:199:1
    │
199 │ ╭ windows_i686_gnullvm 0.52.6 registry+https://github.com/rust-lang/crates.io-index
200 │ │ windows_i686_gnullvm 0.53.1 registry+https://github.com/rust-lang/crates.io-index
    │ ╰─────────────────────────────────────────────────────────────────────────────────┘ lock entries
    │
    ├ windows_i686_gnullvm v0.52.6
      └── windows-targets v0.52.6
          └── windows-sys v0.52.0
              ├── ring v0.17.14
              │   ├── rustls v0.23.45
              │   │   ├── hyper-rustls v0.27.10
              │   │   │   └── reqwest v0.12.15
              │   │   │       ├── kernel-provider v0.1.0
              │   │   │       │   ├── kernel-runtime v0.1.0
              │   │   │       │   │   ├── kernel-worker v0.1.0
              │   │   │       │   │   ├── kernelctl v0.1.0
              │   │   │       │   │   └── kerneld v0.1.0
              │   │   │       │   ├── kernel-worker v0.1.0 (*)
              │   │   │       │   └── kerneld v0.1.0 (*)
              │   │   │       └── kernel-worker v0.1.0 (*)
              │   │   ├── reqwest v0.12.15 (*)
              │   │   ├── sqlx-core v0.8.6
              │   │   │   ├── sqlx v0.8.6
              │   │   │   │   ├── kernel-runtime v0.1.0 (*)
              │   │   │   │   ├── kernel-worker v0.1.0 (*)
              │   │   │   │   ├── kernelctl v0.1.0 (*)
              │   │   │   │   └── kerneld v0.1.0 (*)
              │   │   │   └── sqlx-postgres v0.8.6
              │   │   │       └── sqlx v0.8.6 (*)
              │   │   └── tokio-rustls v0.26.5
              │   │       ├── hyper-rustls v0.27.10 (*)
              │   │       └── reqwest v0.12.15 (*)
              │   └── rustls-webpki v0.103.15
              │       └── rustls v0.23.45 (*)
              ├── socket2 v0.5.10
              │   └── tokio v1.45.0
              │       ├── axum v0.8.4
              │       │   └── kerneld v0.1.0 (*)
              │       ├── hyper v1.11.1
              │       │   ├── axum v0.8.4 (*)
              │       │   ├── hyper-rustls v0.27.10 (*)
              │       │   ├── hyper-util v0.1.21
              │       │   │   ├── axum v0.8.4 (*)
              │       │   │   ├── hyper-rustls v0.27.10 (*)
              │       │   │   └── reqwest v0.12.15 (*)
              │       │   └── reqwest v0.12.15 (*)
              │       ├── hyper-rustls v0.27.10 (*)
              │       ├── hyper-util v0.1.21 (*)
              │       ├── kernel-provider v0.1.0 (*)
              │       ├── kernel-runtime v0.1.0 (*)
              │       ├── kernel-worker v0.1.0 (*)
              │       ├── kernelctl v0.1.0 (*)
              │       ├── kerneld v0.1.0 (*)
              │       ├── reqwest v0.12.15 (*)
              │       ├── sqlx-core v0.8.6 (*)
              │       ├── tokio-rustls v0.26.5 (*)
              │       ├── tokio-stream v0.1.19
              │       │   └── sqlx-core v0.8.6 (*)
              │       └── tower v0.5.3
              │           ├── axum v0.8.4 (*)
              │           └── reqwest v0.12.15 (*)
              └── tokio v1.45.0 (*)
    ├ windows_i686_gnullvm v0.53.1
      └── windows-targets v0.53.5
          └── windows-registry v0.4.0
              └── reqwest v0.12.15
                  ├── kernel-provider v0.1.0
                  │   ├── kernel-runtime v0.1.0
                  │   │   ├── kernel-worker v0.1.0
                  │   │   ├── kernelctl v0.1.0
                  │   │   └── kerneld v0.1.0
                  │   ├── kernel-worker v0.1.0 (*)
                  │   └── kerneld v0.1.0 (*)
                  └── kernel-worker v0.1.0 (*)

warning[duplicate]: found 3 duplicate entries for crate 'windows_i686_msvc'
    ┌─ /home/soumyajeet/Projects/DECISION-KERNEL/Cargo.lock:201:1
    │
201 │ ╭ windows_i686_msvc 0.48.5 registry+https://github.com/rust-lang/crates.io-index
202 │ │ windows_i686_msvc 0.52.6 registry+https://github.com/rust-lang/crates.io-index
203 │ │ windows_i686_msvc 0.53.1 registry+https://github.com/rust-lang/crates.io-index
    │ ╰──────────────────────────────────────────────────────────────────────────────┘ lock entries
    │
    ├ windows_i686_msvc v0.48.5
      └── windows-targets v0.48.5
          └── windows-sys v0.48.0
              └── etcetera v0.8.0
                  └── sqlx-postgres v0.8.6
                      └── sqlx v0.8.6
                          ├── kernel-runtime v0.1.0
                          │   ├── kernel-worker v0.1.0
                          │   ├── kernelctl v0.1.0
                          │   └── kerneld v0.1.0
                          ├── kernel-worker v0.1.0 (*)
                          ├── kernelctl v0.1.0 (*)
                          └── kerneld v0.1.0 (*)
    ├ windows_i686_msvc v0.52.6
      └── windows-targets v0.52.6
          └── windows-sys v0.52.0
              ├── ring v0.17.14
              │   ├── rustls v0.23.45
              │   │   ├── hyper-rustls v0.27.10
              │   │   │   └── reqwest v0.12.15
              │   │   │       ├── kernel-provider v0.1.0
              │   │   │       │   ├── kernel-runtime v0.1.0
              │   │   │       │   │   ├── kernel-worker v0.1.0
              │   │   │       │   │   ├── kernelctl v0.1.0
              │   │   │       │   │   └── kerneld v0.1.0
              │   │   │       │   ├── kernel-worker v0.1.0 (*)
              │   │   │       │   └── kerneld v0.1.0 (*)
              │   │   │       └── kernel-worker v0.1.0 (*)
              │   │   ├── reqwest v0.12.15 (*)
              │   │   ├── sqlx-core v0.8.6
              │   │   │   ├── sqlx v0.8.6
              │   │   │   │   ├── kernel-runtime v0.1.0 (*)
              │   │   │   │   ├── kernel-worker v0.1.0 (*)
              │   │   │   │   ├── kernelctl v0.1.0 (*)
              │   │   │   │   └── kerneld v0.1.0 (*)
              │   │   │   └── sqlx-postgres v0.8.6
              │   │   │       └── sqlx v0.8.6 (*)
              │   │   └── tokio-rustls v0.26.5
              │   │       ├── hyper-rustls v0.27.10 (*)
              │   │       └── reqwest v0.12.15 (*)
              │   └── rustls-webpki v0.103.15
              │       └── rustls v0.23.45 (*)
              ├── socket2 v0.5.10
              │   └── tokio v1.45.0
              │       ├── axum v0.8.4
              │       │   └── kerneld v0.1.0 (*)
              │       ├── hyper v1.11.1
              │       │   ├── axum v0.8.4 (*)
              │       │   ├── hyper-rustls v0.27.10 (*)
              │       │   ├── hyper-util v0.1.21
              │       │   │   ├── axum v0.8.4 (*)
              │       │   │   ├── hyper-rustls v0.27.10 (*)
              │       │   │   └── reqwest v0.12.15 (*)
              │       │   └── reqwest v0.12.15 (*)
              │       ├── hyper-rustls v0.27.10 (*)
              │       ├── hyper-util v0.1.21 (*)
              │       ├── kernel-provider v0.1.0 (*)
              │       ├── kernel-runtime v0.1.0 (*)
              │       ├── kernel-worker v0.1.0 (*)
              │       ├── kernelctl v0.1.0 (*)
              │       ├── kerneld v0.1.0 (*)
              │       ├── reqwest v0.12.15 (*)
              │       ├── sqlx-core v0.8.6 (*)
              │       ├── tokio-rustls v0.26.5 (*)
              │       ├── tokio-stream v0.1.19
              │       │   └── sqlx-core v0.8.6 (*)
              │       └── tower v0.5.3
              │           ├── axum v0.8.4 (*)
              │           └── reqwest v0.12.15 (*)
              └── tokio v1.45.0 (*)
    ├ windows_i686_msvc v0.53.1
      └── windows-targets v0.53.5
          └── windows-registry v0.4.0
              └── reqwest v0.12.15
                  ├── kernel-provider v0.1.0
                  │   ├── kernel-runtime v0.1.0
                  │   │   ├── kernel-worker v0.1.0
                  │   │   ├── kernelctl v0.1.0
                  │   │   └── kerneld v0.1.0
                  │   ├── kernel-worker v0.1.0 (*)
                  │   └── kerneld v0.1.0 (*)
                  └── kernel-worker v0.1.0 (*)

warning[license-not-encountered]: license was not encountered
  ┌─ /home/soumyajeet/Projects/DECISION-KERNEL/deny.toml:6:105
  │
6 │ allow = ["Apache-2.0", "MIT", "BSD-2-Clause", "BSD-3-Clause", "ISC", "Unicode-3.0", "Zlib", "MPL-2.0", "CC0-1.0", "CDLA-Permissive-2.0"]
  │                                                                                                         ━━━━━━━ unmatched license allowance

warning[license-not-encountered]: license was not encountered
  ┌─ /home/soumyajeet/Projects/DECISION-KERNEL/deny.toml:6:94
  │
6 │ allow = ["Apache-2.0", "MIT", "BSD-2-Clause", "BSD-3-Clause", "ISC", "Unicode-3.0", "Zlib", "MPL-2.0", "CC0-1.0", "CDLA-Permissive-2.0"]
  │                                                                                              ━━━━━━━ unmatched license allowance

warning[duplicate]: found 3 duplicate entries for crate 'windows_x86_64_gnu'
    ┌─ /home/soumyajeet/Projects/DECISION-KERNEL/Cargo.lock:204:1
    │
204 │ ╭ windows_x86_64_gnu 0.48.5 registry+https://github.com/rust-lang/crates.io-index
205 │ │ windows_x86_64_gnu 0.52.6 registry+https://github.com/rust-lang/crates.io-index
206 │ │ windows_x86_64_gnu 0.53.1 registry+https://github.com/rust-lang/crates.io-index
    │ ╰───────────────────────────────────────────────────────────────────────────────┘ lock entries
    │
    ├ windows_x86_64_gnu v0.48.5
      └── windows-targets v0.48.5
          └── windows-sys v0.48.0
              └── etcetera v0.8.0
                  └── sqlx-postgres v0.8.6
                      └── sqlx v0.8.6
                          ├── kernel-runtime v0.1.0
                          │   ├── kernel-worker v0.1.0
                          │   ├── kernelctl v0.1.0
                          │   └── kerneld v0.1.0
                          ├── kernel-worker v0.1.0 (*)
                          ├── kernelctl v0.1.0 (*)
                          └── kerneld v0.1.0 (*)
    ├ windows_x86_64_gnu v0.52.6
      └── windows-targets v0.52.6
          └── windows-sys v0.52.0
              ├── ring v0.17.14
              │   ├── rustls v0.23.45
              │   │   ├── hyper-rustls v0.27.10
              │   │   │   └── reqwest v0.12.15
              │   │   │       ├── kernel-provider v0.1.0
              │   │   │       │   ├── kernel-runtime v0.1.0
              │   │   │       │   │   ├── kernel-worker v0.1.0
              │   │   │       │   │   ├── kernelctl v0.1.0
              │   │   │       │   │   └── kerneld v0.1.0
              │   │   │       │   ├── kernel-worker v0.1.0 (*)
              │   │   │       │   └── kerneld v0.1.0 (*)
              │   │   │       └── kernel-worker v0.1.0 (*)
              │   │   ├── reqwest v0.12.15 (*)
              │   │   ├── sqlx-core v0.8.6
              │   │   │   ├── sqlx v0.8.6
              │   │   │   │   ├── kernel-runtime v0.1.0 (*)
              │   │   │   │   ├── kernel-worker v0.1.0 (*)
              │   │   │   │   ├── kernelctl v0.1.0 (*)
              │   │   │   │   └── kerneld v0.1.0 (*)
              │   │   │   └── sqlx-postgres v0.8.6
              │   │   │       └── sqlx v0.8.6 (*)
              │   │   └── tokio-rustls v0.26.5
              │   │       ├── hyper-rustls v0.27.10 (*)
              │   │       └── reqwest v0.12.15 (*)
              │   └── rustls-webpki v0.103.15
              │       └── rustls v0.23.45 (*)
              ├── socket2 v0.5.10
              │   └── tokio v1.45.0
              │       ├── axum v0.8.4
              │       │   └── kerneld v0.1.0 (*)
              │       ├── hyper v1.11.1
              │       │   ├── axum v0.8.4 (*)
              │       │   ├── hyper-rustls v0.27.10 (*)
              │       │   ├── hyper-util v0.1.21
              │       │   │   ├── axum v0.8.4 (*)
              │       │   │   ├── hyper-rustls v0.27.10 (*)
              │       │   │   └── reqwest v0.12.15 (*)
              │       │   └── reqwest v0.12.15 (*)
              │       ├── hyper-rustls v0.27.10 (*)
              │       ├── hyper-util v0.1.21 (*)
              │       ├── kernel-provider v0.1.0 (*)
              │       ├── kernel-runtime v0.1.0 (*)
              │       ├── kernel-worker v0.1.0 (*)
              │       ├── kernelctl v0.1.0 (*)
              │       ├── kerneld v0.1.0 (*)
              │       ├── reqwest v0.12.15 (*)
              │       ├── sqlx-core v0.8.6 (*)
              │       ├── tokio-rustls v0.26.5 (*)
              │       ├── tokio-stream v0.1.19
              │       │   └── sqlx-core v0.8.6 (*)
              │       └── tower v0.5.3
              │           ├── axum v0.8.4 (*)
              │           └── reqwest v0.12.15 (*)
              └── tokio v1.45.0 (*)
    ├ windows_x86_64_gnu v0.53.1
      └── windows-targets v0.53.5
          └── windows-registry v0.4.0
              └── reqwest v0.12.15
                  ├── kernel-provider v0.1.0
                  │   ├── kernel-runtime v0.1.0
                  │   │   ├── kernel-worker v0.1.0
                  │   │   ├── kernelctl v0.1.0
                  │   │   └── kerneld v0.1.0
                  │   ├── kernel-worker v0.1.0 (*)
                  │   └── kerneld v0.1.0 (*)
                  └── kernel-worker v0.1.0 (*)

warning[duplicate]: found 3 duplicate entries for crate 'windows_x86_64_gnullvm'
    ┌─ /home/soumyajeet/Projects/DECISION-KERNEL/Cargo.lock:207:1
    │
207 │ ╭ windows_x86_64_gnullvm 0.48.5 registry+https://github.com/rust-lang/crates.io-index
208 │ │ windows_x86_64_gnullvm 0.52.6 registry+https://github.com/rust-lang/crates.io-index
209 │ │ windows_x86_64_gnullvm 0.53.1 registry+https://github.com/rust-lang/crates.io-index
    │ ╰───────────────────────────────────────────────────────────────────────────────────┘ lock entries
    │
    ├ windows_x86_64_gnullvm v0.48.5
      └── windows-targets v0.48.5
          └── windows-sys v0.48.0
              └── etcetera v0.8.0
                  └── sqlx-postgres v0.8.6
                      └── sqlx v0.8.6
                          ├── kernel-runtime v0.1.0
                          │   ├── kernel-worker v0.1.0
                          │   ├── kernelctl v0.1.0
                          │   └── kerneld v0.1.0
                          ├── kernel-worker v0.1.0 (*)
                          ├── kernelctl v0.1.0 (*)
                          └── kerneld v0.1.0 (*)
    ├ windows_x86_64_gnullvm v0.52.6
      └── windows-targets v0.52.6
          └── windows-sys v0.52.0
              ├── ring v0.17.14
              │   ├── rustls v0.23.45
              │   │   ├── hyper-rustls v0.27.10
              │   │   │   └── reqwest v0.12.15
              │   │   │       ├── kernel-provider v0.1.0
              │   │   │       │   ├── kernel-runtime v0.1.0
              │   │   │       │   │   ├── kernel-worker v0.1.0
              │   │   │       │   │   ├── kernelctl v0.1.0
              │   │   │       │   │   └── kerneld v0.1.0
              │   │   │       │   ├── kernel-worker v0.1.0 (*)
              │   │   │       │   └── kerneld v0.1.0 (*)
              │   │   │       └── kernel-worker v0.1.0 (*)
              │   │   ├── reqwest v0.12.15 (*)
              │   │   ├── sqlx-core v0.8.6
              │   │   │   ├── sqlx v0.8.6
              │   │   │   │   ├── kernel-runtime v0.1.0 (*)
              │   │   │   │   ├── kernel-worker v0.1.0 (*)
              │   │   │   │   ├── kernelctl v0.1.0 (*)
              │   │   │   │   └── kerneld v0.1.0 (*)
              │   │   │   └── sqlx-postgres v0.8.6
              │   │   │       └── sqlx v0.8.6 (*)
              │   │   └── tokio-rustls v0.26.5
              │   │       ├── hyper-rustls v0.27.10 (*)
              │   │       └── reqwest v0.12.15 (*)
              │   └── rustls-webpki v0.103.15
              │       └── rustls v0.23.45 (*)
              ├── socket2 v0.5.10
              │   └── tokio v1.45.0
              │       ├── axum v0.8.4
              │       │   └── kerneld v0.1.0 (*)
              │       ├── hyper v1.11.1
              │       │   ├── axum v0.8.4 (*)
              │       │   ├── hyper-rustls v0.27.10 (*)
              │       │   ├── hyper-util v0.1.21
              │       │   │   ├── axum v0.8.4 (*)
              │       │   │   ├── hyper-rustls v0.27.10 (*)
              │       │   │   └── reqwest v0.12.15 (*)
              │       │   └── reqwest v0.12.15 (*)
              │       ├── hyper-rustls v0.27.10 (*)
              │       ├── hyper-util v0.1.21 (*)
              │       ├── kernel-provider v0.1.0 (*)
              │       ├── kernel-runtime v0.1.0 (*)
              │       ├── kernel-worker v0.1.0 (*)
              │       ├── kernelctl v0.1.0 (*)
              │       ├── kerneld v0.1.0 (*)
              │       ├── reqwest v0.12.15 (*)
              │       ├── sqlx-core v0.8.6 (*)
              │       ├── tokio-rustls v0.26.5 (*)
              │       ├── tokio-stream v0.1.19
              │       │   └── sqlx-core v0.8.6 (*)
              │       └── tower v0.5.3
              │           ├── axum v0.8.4 (*)
              │           └── reqwest v0.12.15 (*)
              └── tokio v1.45.0 (*)
    ├ windows_x86_64_gnullvm v0.53.1
      └── windows-targets v0.53.5
          └── windows-registry v0.4.0
              └── reqwest v0.12.15
                  ├── kernel-provider v0.1.0
                  │   ├── kernel-runtime v0.1.0
                  │   │   ├── kernel-worker v0.1.0
                  │   │   ├── kernelctl v0.1.0
                  │   │   └── kerneld v0.1.0
                  │   ├── kernel-worker v0.1.0 (*)
                  │   └── kerneld v0.1.0 (*)
                  └── kernel-worker v0.1.0 (*)

warning[duplicate]: found 3 duplicate entries for crate 'windows_x86_64_msvc'
    ┌─ /home/soumyajeet/Projects/DECISION-KERNEL/Cargo.lock:210:1
    │
210 │ ╭ windows_x86_64_msvc 0.48.5 registry+https://github.com/rust-lang/crates.io-index
211 │ │ windows_x86_64_msvc 0.52.6 registry+https://github.com/rust-lang/crates.io-index
212 │ │ windows_x86_64_msvc 0.53.1 registry+https://github.com/rust-lang/crates.io-index
    │ ╰────────────────────────────────────────────────────────────────────────────────┘ lock entries
    │
    ├ windows_x86_64_msvc v0.48.5
      └── windows-targets v0.48.5
          └── windows-sys v0.48.0
              └── etcetera v0.8.0
                  └── sqlx-postgres v0.8.6
                      └── sqlx v0.8.6
                          ├── kernel-runtime v0.1.0
                          │   ├── kernel-worker v0.1.0
                          │   ├── kernelctl v0.1.0
                          │   └── kerneld v0.1.0
                          ├── kernel-worker v0.1.0 (*)
                          ├── kernelctl v0.1.0 (*)
                          └── kerneld v0.1.0 (*)
    ├ windows_x86_64_msvc v0.52.6
      └── windows-targets v0.52.6
          └── windows-sys v0.52.0
              ├── ring v0.17.14
              │   ├── rustls v0.23.45
              │   │   ├── hyper-rustls v0.27.10
              │   │   │   └── reqwest v0.12.15
              │   │   │       ├── kernel-provider v0.1.0
              │   │   │       │   ├── kernel-runtime v0.1.0
              │   │   │       │   │   ├── kernel-worker v0.1.0
              │   │   │       │   │   ├── kernelctl v0.1.0
              │   │   │       │   │   └── kerneld v0.1.0
              │   │   │       │   ├── kernel-worker v0.1.0 (*)
              │   │   │       │   └── kerneld v0.1.0 (*)
              │   │   │       └── kernel-worker v0.1.0 (*)
              │   │   ├── reqwest v0.12.15 (*)
              │   │   ├── sqlx-core v0.8.6
              │   │   │   ├── sqlx v0.8.6
              │   │   │   │   ├── kernel-runtime v0.1.0 (*)
              │   │   │   │   ├── kernel-worker v0.1.0 (*)
              │   │   │   │   ├── kernelctl v0.1.0 (*)
              │   │   │   │   └── kerneld v0.1.0 (*)
              │   │   │   └── sqlx-postgres v0.8.6
              │   │   │       └── sqlx v0.8.6 (*)
              │   │   └── tokio-rustls v0.26.5
              │   │       ├── hyper-rustls v0.27.10 (*)
              │   │       └── reqwest v0.12.15 (*)
              │   └── rustls-webpki v0.103.15
              │       └── rustls v0.23.45 (*)
              ├── socket2 v0.5.10
              │   └── tokio v1.45.0
              │       ├── axum v0.8.4
              │       │   └── kerneld v0.1.0 (*)
              │       ├── hyper v1.11.1
              │       │   ├── axum v0.8.4 (*)
              │       │   ├── hyper-rustls v0.27.10 (*)
              │       │   ├── hyper-util v0.1.21
              │       │   │   ├── axum v0.8.4 (*)
              │       │   │   ├── hyper-rustls v0.27.10 (*)
              │       │   │   └── reqwest v0.12.15 (*)
              │       │   └── reqwest v0.12.15 (*)
              │       ├── hyper-rustls v0.27.10 (*)
              │       ├── hyper-util v0.1.21 (*)
              │       ├── kernel-provider v0.1.0 (*)
              │       ├── kernel-runtime v0.1.0 (*)
              │       ├── kernel-worker v0.1.0 (*)
              │       ├── kernelctl v0.1.0 (*)
              │       ├── kerneld v0.1.0 (*)
              │       ├── reqwest v0.12.15 (*)
              │       ├── sqlx-core v0.8.6 (*)
              │       ├── tokio-rustls v0.26.5 (*)
              │       ├── tokio-stream v0.1.19
              │       │   └── sqlx-core v0.8.6 (*)
              │       └── tower v0.5.3
              │           ├── axum v0.8.4 (*)
              │           └── reqwest v0.12.15 (*)
              └── tokio v1.45.0 (*)
    ├ windows_x86_64_msvc v0.53.1
      └── windows-targets v0.53.5
          └── windows-registry v0.4.0
              └── reqwest v0.12.15
                  ├── kernel-provider v0.1.0
                  │   ├── kernel-runtime v0.1.0
                  │   │   ├── kernel-worker v0.1.0
                  │   │   ├── kernelctl v0.1.0
                  │   │   └── kerneld v0.1.0
                  │   ├── kernel-worker v0.1.0 (*)
                  │   └── kerneld v0.1.0 (*)
                  └── kernel-worker v0.1.0 (*)
