{"attempt_status":"uncertain","attempts":1,"check":"reported_cost_exceeds_reserved_cap","disposition":"review","provider_fixture_reported_charge":100,"reasons":["invalid_provider_output"],"receipt_provider_reported_cost":null,"reserved_nano_usd":1}
{"check":"system_one_published_schema_rejected","result":"Err(Invalid)"}
{"check":"system_one_native_probability_rejected","result":"Err(Invalid)"}
    Blocking waiting for file lock on package cache
    Blocking waiting for file lock on package cache
     Locking 256 packages to latest Rust 1.96.0 compatible versions
      Adding tokio v1.45.0 (available: v1.52.3)
      Adding tokio-macros v2.5.0 (available: v2.7.0)
    Blocking waiting for file lock on package cache
   Compiling syn v2.0.119
   Compiling synstructure v0.13.2
   Compiling serde_derive v1.0.228
   Compiling yoke-derive v0.8.2
   Compiling tokio-macros v2.5.0
   Compiling tracing-attributes v0.1.31
   Compiling thiserror-impl v2.0.18
   Compiling yoke v0.8.3
   Compiling thiserror v2.0.18
   Compiling zerovec v0.11.8
   Compiling zerotrie v0.2.5
   Compiling tinystr v0.8.4
   Compiling potential_utf v0.1.6
   Compiling tracing v0.1.44
   Compiling icu_locale_core v2.3.0
   Compiling icu_collections v2.3.0
   Compiling serde v1.0.228
   Compiling icu_provider v2.3.1
   Compiling icu_properties v2.3.0
   Compiling smallvec v1.16.1
   Compiling either v1.18.0
   Compiling serde_urlencoded v0.7.1
   Compiling kernel-core v0.1.0 (/home/soumyajeet/Projects/DECISION-KERNEL/crates/kernel-core)
   Compiling parking_lot_core v0.9.12
   Compiling icu_normalizer v2.3.0
   Compiling parking_lot v0.12.5
   Compiling kernel-compiler v0.1.0 (/home/soumyajeet/Projects/DECISION-KERNEL/crates/kernel-compiler)
   Compiling tokio v1.45.0
   Compiling futures-intrusive v0.5.0
   Compiling idna_adapter v1.2.2
   Compiling idna v1.1.0
   Compiling url v2.5.8
   Compiling hyper v1.11.1
   Compiling tokio-rustls v0.26.5
   Compiling tokio-stream v0.1.19
   Compiling tower v0.5.3
   Compiling sqlx-core v0.8.6
   Compiling hyper-util v0.1.21
   Compiling hyper-rustls v0.27.10
   Compiling reqwest v0.12.15
   Compiling sqlx-postgres v0.8.6
   Compiling kernel-provider v0.1.0 (/home/soumyajeet/Projects/DECISION-KERNEL/crates/kernel-provider)
   Compiling sqlx v0.8.6
   Compiling kernel-runtime v0.1.0 (/home/soumyajeet/Projects/DECISION-KERNEL/crates/kernel-runtime)
   Compiling dk-audit-probe v0.1.0 (/tmp/dk-audit-probe)
    Finished `dev` profile [unoptimized + debuginfo] target(s) in 14.97s
     Running `target/debug/dk-audit-probe`
